C:\Users\veyse\OneDrive\Desktop\Workings\trial3\PortfolioCV\Views\Shared\Components\Sidebar\Default.cshtml(27,115): error CS1061: 'PersonalInfo' bir 'Location' tan─▒m─▒ i├ğermiyor ve 'PersonalInfo' t├╝r├╝nde bir ilk ba─ş─▒ms─▒z de─şi┼şken kabul eden hi├ğbir eri┼şilebilir 'Location' geni┼şletme y├Ântemi bulunamad─▒ (bir kullanma y├Ânergeniz veya derleme ba┼şvurunuz eksik olabilir mi?) [C:\Users\veyse\OneDrive\Desktop\Workings\trial3\PortfolioCV\PortfolioCV.csproj]

Olu┼şturma BA┼ŞARISIZ OLDU.
    0 Uyar─▒
    1 Hata

Ge├ğen S├╝re 00:00:01.69
